#-----------------------------------------------------------
# Vivado v2020.2 (64-bit)
# SW Build 3064766 on Wed Nov 18 09:12:45 MST 2020
# IP Build 3064653 on Wed Nov 18 14:17:31 MST 2020
# Start of session at: Mon Apr 20 16:13:30 2026
# Process ID: 20468
# Current directory: C:/Study/7100_AD9670
# Command line: vivado.exe -gui_launcher_event rodinguilauncherevent15400 C:\Study\7100_AD9670\7100_AD9670.xpr
# Log file: C:/Study/7100_AD9670/vivado.log
# Journal file: C:/Study/7100_AD9670\vivado.jou
#-----------------------------------------------------------
start_gui
open_project C:/Study/7100_AD9670/7100_AD9670.xpr
Scanning sources...
Finished scanning sources
INFO: [IP_Flow 19-234] Refreshing IP repositories
INFO: [IP_Flow 19-1700] Loaded user IP repository 'c:/Study/7100_AD9670/ip_repo'.
INFO: [IP_Flow 19-2313] Loaded Vivado IP repository 'D:/Xilinx/Vivado/2020.2/data/ip'.
update_compile_order -fileset sources_1
exit
INFO: [Common 17-206] Exiting Vivado at Mon Apr 20 16:15:42 2026...
