#-----------------------------------------------------------
# Vivado v2020.2 (64-bit)
# SW Build 3064766 on Wed Nov 18 09:12:45 MST 2020
# IP Build 3064653 on Wed Nov 18 14:17:31 MST 2020
# Start of session at: Wed Apr 15 14:07:34 2026
# Process ID: 5440
# Current directory: C:/Study/7100_AD9670
# Command line: vivado.exe -gui_launcher_event rodinguilauncherevent20476 C:\Study\7100_AD9670\7100_AD9670.xpr
# Log file: C:/Study/7100_AD9670/vivado.log
# Journal file: C:/Study/7100_AD9670\vivado.jou
#-----------------------------------------------------------
start_gui
open_project C:/Study/7100_AD9670/7100_AD9670.xpr
Scanning sources...
Finished scanning sources
INFO: [IP_Flow 19-234] Refreshing IP repositories
INFO: [IP_Flow 19-1704] No user IP repositories specified
INFO: [IP_Flow 19-2313] Loaded Vivado IP repository 'D:/Xilinx/Vivado/2020.2/data/ip'.
update_compile_order -fileset sources_1
close [ open C:/Study/7100_AD9670/7100_AD9670.srcs/sources_1/new/AdcFrame.v w ]
add_files C:/Study/7100_AD9670/7100_AD9670.srcs/sources_1/new/AdcFrame.v
close [ open C:/Study/7100_AD9670/7100_AD9670.srcs/sources_1/new/Serdes_1x14_DDR.v w ]
add_files C:/Study/7100_AD9670/7100_AD9670.srcs/sources_1/new/Serdes_1x14_DDR.v
close [ open C:/Study/7100_AD9670/7100_AD9670.srcs/sources_1/new/AdcLane.v w ]
add_files C:/Study/7100_AD9670/7100_AD9670.srcs/sources_1/new/AdcLane.v
update_compile_order -fileset sources_1
update_compile_order -fileset sources_1
update_compile_order -fileset sources_1
update_compile_order -fileset sources_1
close [ open C:/Study/7100_AD9670/7100_AD9670.srcs/sources_1/new/AdcClock.v w ]
add_files C:/Study/7100_AD9670/7100_AD9670.srcs/sources_1/new/AdcClock.v
update_compile_order -fileset sources_1
close [ open C:/Study/7100_AD9670/7100_AD9670.srcs/sources_1/new/AdcLVDS_Top.v w ]
add_files C:/Study/7100_AD9670/7100_AD9670.srcs/sources_1/new/AdcLVDS_Top.v
update_compile_order -fileset sources_1
update_compile_order -fileset sources_1
exit
INFO: [Common 17-206] Exiting Vivado at Wed Apr 15 14:54:38 2026...
