#-----------------------------------------------------------
# Vivado v2020.2 (64-bit)
# SW Build 3064766 on Wed Nov 18 09:12:45 MST 2020
# IP Build 3064653 on Wed Nov 18 14:17:31 MST 2020
# Start of session at: Sat May  9 16:24:01 2026
# Process ID: 5544
# Current directory: C:/Study/7100_AD9670
# Command line: vivado.exe -gui_launcher_event rodinguilauncherevent8604 C:\Study\7100_AD9670\7100_AD9670.xpr
# Log file: C:/Study/7100_AD9670/vivado.log
# Journal file: C:/Study/7100_AD9670\vivado.jou
#-----------------------------------------------------------
start_gui
open_project C:/Study/7100_AD9670/7100_AD9670.xpr
Scanning sources...
Finished scanning sources
INFO: [IP_Flow 19-234] Refreshing IP repositories
INFO: [IP_Flow 19-1700] Loaded user IP repository 'c:/Study/7100_AD9670/ip_repo'.
INFO: [IP_Flow 19-2313] Loaded Vivado IP repository 'D:/Xilinx/Vivado/2020.2/data/ip'.
open_bd_design {C:/Study/7100_AD9670/7100_AD9670.srcs/sources_1/bd/design_1/design_1.bd}
Reading block design file <C:/Study/7100_AD9670/7100_AD9670.srcs/sources_1/bd/design_1/design_1.bd>...
Adding component instance block -- xilinx.com:ip:processing_system7:5.5 - processing_system7_0
Adding component instance block -- xilinx.com:user:AdcLVDS_Top:1.0 - AdcLVDS_Top_0
Adding component instance block -- xilinx.com:ip:axi_dma:7.1 - axi_dma_0
Adding component instance block -- xilinx.com:ip:axi_interconnect:2.1 - ps7_0_axi_periph
Adding component instance block -- xilinx.com:ip:axi_protocol_converter:2.1 - auto_pc
Adding component instance block -- xilinx.com:ip:proc_sys_reset:5.0 - rst_ps7_0_100M
Adding component instance block -- xilinx.com:ip:axi_interconnect:2.1 - axi_mem_intercon
Adding component instance block -- xilinx.com:ip:axi_dwidth_converter:2.1 - auto_ds
Adding component instance block -- xilinx.com:ip:axi_protocol_converter:2.1 - auto_pc
Adding component instance block -- xilinx.com:module_ref:idelay_ctrl_wrapper:1.0 - idelay_ctrl_wrapper_0
Adding component instance block -- xilinx.com:ip:proc_sys_reset:5.0 - proc_sys_reset_0
Successfully read diagram <design_1> from block design file <C:/Study/7100_AD9670/7100_AD9670.srcs/sources_1/bd/design_1/design_1.bd>
update_compile_order -fileset sources_1
exit
INFO: [Common 17-206] Exiting Vivado at Sat May  9 16:24:52 2026...
