#-----------------------------------------------------------
# Vivado v2020.2 (64-bit)
# SW Build 3064766 on Wed Nov 18 09:12:45 MST 2020
# IP Build 3064653 on Wed Nov 18 14:17:31 MST 2020
# Start of session at: Sun Jun  7 14:40:15 2026
# Process ID: 26432
# Current directory: D:/prj/7100/test_block/vivado
# Command line: vivado.exe -gui_launcher_event rodinguilauncherevent1920 D:\prj\7100\test_block\vivado\test_block.xpr
# Log file: D:/prj/7100/test_block/vivado/vivado.log
# Journal file: D:/prj/7100/test_block/vivado\vivado.jou
#-----------------------------------------------------------
start_gui
open_project D:/prj/7100/test_block/vivado/test_block.xpr
update_compile_order -fileset sources_1
close [ open D:/prj/7100/test_block/vivado/test_block.srcs/sources_1/new/Global_MUX_Controller.v w ]
add_files D:/prj/7100/test_block/vivado/test_block.srcs/sources_1/new/Global_MUX_Controller.v
update_compile_order -fileset sources_1
close [ open D:/prj/7100/test_block/vivado/test_block.srcs/sources_1/new/RF_PingPong_Buffer.v w ]
add_files D:/prj/7100/test_block/vivado/test_block.srcs/sources_1/new/RF_PingPong_Buffer.v
update_compile_order -fileset sources_1
reset_run fir_compiler_0_synth_1
launch_runs synth_1 -jobs 4
wait_on_run synth_1
