18:19:02 **** Incremental Build of configuration Debug for project app ****
make all 
make --no-print-directory pre-build
a9-linaro-pre-build-step
' '
make --no-print-directory main-build
'Building file: ../src/gui/ui_main.c'
'Invoking: ARM v7 gcc compiler'
arm-none-eabi-gcc -DLV_CONF_INCLUDE_SIMPLE=1 -Wall -O0 -g3 -I"D:\wyl\prj\zynq7020\vitis_workspace\app\src" -I"D:\wyl\prj\zynq7020\vitis_workspace\app\src\app" -I"D:\wyl\prj\zynq7020\vitis_workspace\app\src\bsp" -I"D:\wyl\prj\zynq7020\vitis_workspace\app\src\bsp\lcd" -I"D:\wyl\prj\zynq7020\vitis_workspace\app\src\bsp\platform" -I"D:\wyl\prj\zynq7020\vitis_workspace\app\src\gui" -I"D:\wyl\prj\zynq7020\vitis_workspace\app\src\hal" -I"D:\wyl\prj\zynq7020\vitis_workspace\app\src\hal\dma_bd" -I"D:\wyl\prj\zynq7020\vitis_workspace\app\src\mid" -I"D:\wyl\prj\zynq7020\vitis_workspace\app\src\mid\lvgl" -I"D:\wyl\prj\zynq7020\vitis_workspace\app\src\mid\lvgl\examples" -I"D:\wyl\prj\zynq7020\vitis_workspace\app\src\mid\lvgl\src" -c -fmessage-length=0 -MT"src/gui/ui_main.o" -mcpu=cortex-a9 -mfpu=vfpv3 -mfloat-abi=hard -ID:/wyl/prj/zynq7020/vitis_workspace/my_platform/export/my_platform/sw/my_platform/standalone_domain/bspinclude/include -MMD -MP -MF"src/gui/ui_main.d" -MT"src/gui/ui_main.o" -o "src/gui/ui_main.o" "../src/gui/ui_main.c"
'Finished building: ../src/gui/ui_main.c'
' '
'Building file: ../src/app/app_main.c'
'Invoking: ARM v7 gcc compiler'
arm-none-eabi-gcc -DLV_CONF_INCLUDE_SIMPLE=1 -Wall -O0 -g3 -I"D:\wyl\prj\zynq7020\vitis_workspace\app\src" -I"D:\wyl\prj\zynq7020\vitis_workspace\app\src\app" -I"D:\wyl\prj\zynq7020\vitis_workspace\app\src\bsp" -I"D:\wyl\prj\zynq7020\vitis_workspace\app\src\bsp\lcd" -I"D:\wyl\prj\zynq7020\vitis_workspace\app\src\bsp\platform" -I"D:\wyl\prj\zynq7020\vitis_workspace\app\src\gui" -I"D:\wyl\prj\zynq7020\vitis_workspace\app\src\hal" -I"D:\wyl\prj\zynq7020\vitis_workspace\app\src\hal\dma_bd" -I"D:\wyl\prj\zynq7020\vitis_workspace\app\src\mid" -I"D:\wyl\prj\zynq7020\vitis_workspace\app\src\mid\lvgl" -I"D:\wyl\prj\zynq7020\vitis_workspace\app\src\mid\lvgl\examples" -I"D:\wyl\prj\zynq7020\vitis_workspace\app\src\mid\lvgl\src" -c -fmessage-length=0 -MT"src/app/app_main.o" -mcpu=cortex-a9 -mfpu=vfpv3 -mfloat-abi=hard -ID:/wyl/prj/zynq7020/vitis_workspace/my_platform/export/my_platform/sw/my_platform/standalone_domain/bspinclude/include -MMD -MP -MF"src/app/app_main.d" -MT"src/app/app_main.o" -o "src/app/app_main.o" "../src/app/app_main.c"
'Finished building: ../src/app/app_main.c'
' '
'Building file: ../src/app/app_monitor.c'
'Invoking: ARM v7 gcc compiler'
arm-none-eabi-gcc -DLV_CONF_INCLUDE_SIMPLE=1 -Wall -O0 -g3 -I"D:\wyl\prj\zynq7020\vitis_workspace\app\src" -I"D:\wyl\prj\zynq7020\vitis_workspace\app\src\app" -I"D:\wyl\prj\zynq7020\vitis_workspace\app\src\bsp" -I"D:\wyl\prj\zynq7020\vitis_workspace\app\src\bsp\lcd" -I"D:\wyl\prj\zynq7020\vitis_workspace\app\src\bsp\platform" -I"D:\wyl\prj\zynq7020\vitis_workspace\app\src\gui" -I"D:\wyl\prj\zynq7020\vitis_workspace\app\src\hal" -I"D:\wyl\prj\zynq7020\vitis_workspace\app\src\hal\dma_bd" -I"D:\wyl\prj\zynq7020\vitis_workspace\app\src\mid" -I"D:\wyl\prj\zynq7020\vitis_workspace\app\src\mid\lvgl" -I"D:\wyl\prj\zynq7020\vitis_workspace\app\src\mid\lvgl\examples" -I"D:\wyl\prj\zynq7020\vitis_workspace\app\src\mid\lvgl\src" -c -fmessage-length=0 -MT"src/app/app_monitor.o" -mcpu=cortex-a9 -mfpu=vfpv3 -mfloat-abi=hard -ID:/wyl/prj/zynq7020/vitis_workspace/my_platform/export/my_platform/sw/my_platform/standalone_domain/bspinclude/include -MMD -MP -MF"src/app/app_monitor.d" -MT"src/app/app_monitor.o" -o "src/app/app_monitor.o" "../src/app/app_monitor.c"
'Finished building: ../src/app/app_monitor.c'
' '
'Building target: app.elf'
'Invoking: ARM v7 gcc linker'
arm-none-eabi-gcc -mcpu=cortex-a9 -mfpu=vfpv3 -mfloat-abi=hard -Wl,-build-id=none -specs=Xilinx.spec -Wl,-T -Wl,../src/lscript.ld -LD:/wyl/prj/zynq7020/vitis_workspace/my_platform/export/my_platform/sw/my_platform/standalone_domain/bsplib/lib -o "app.elf"  ./src/mid/lvgl/src/widgets/lv_arc.o ./src/mid/lvgl/src/widgets/lv_bar.o ./src/mid/lvgl/src/widgets/lv_btn.o ./src/mid/lvgl/src/widgets/lv_btnmatrix.o ./src/mid/lvgl/src/widgets/lv_canvas.o ./src/mid/lvgl/src/widgets/lv_checkbox.o ./src/mid/lvgl/src/widgets/lv_dropdown.o ./src/mid/lvgl/src/widgets/lv_img.o ./src/mid/lvgl/src/widgets/lv_label.o ./src/mid/lvgl/src/widgets/lv_line.o ./src/mid/lvgl/src/widgets/lv_objx_templ.o ./src/mid/lvgl/src/widgets/lv_roller.o ./src/mid/lvgl/src/widgets/lv_slider.o ./src/mid/lvgl/src/widgets/lv_switch.o ./src/mid/lvgl/src/widgets/lv_table.o ./src/mid/lvgl/src/widgets/lv_textarea.o  ./src/mid/lvgl/src/misc/lv_anim.o ./src/mid/lvgl/src/misc/lv_anim_timeline.o ./src/mid/lvgl/src/misc/lv_area.o ./src/mid/lvgl/src/misc/lv_async.o ./src/mid/lvgl/src/misc/lv_bidi.o ./src/mid/lvgl/src/misc/lv_color.o ./src/mid/lvgl/src/misc/lv_fs.o ./src/mid/lvgl/src/misc/lv_gc.o ./src/mid/lvgl/src/misc/lv_ll.o ./src/mid/lvgl/src/misc/lv_log.o ./src/mid/lvgl/src/misc/lv_math.o ./src/mid/lvgl/src/misc/lv_mem.o ./src/mid/lvgl/src/misc/lv_printf.o ./src/mid/lvgl/src/misc/lv_style.o ./src/mid/lvgl/src/misc/lv_style_gen.o ./src/mid/lvgl/src/misc/lv_templ.o ./src/mid/lvgl/src/misc/lv_timer.o ./src/mid/lvgl/src/misc/lv_tlsf.o ./src/mid/lvgl/src/misc/lv_txt.o ./src/mid/lvgl/src/misc/lv_txt_ap.o ./src/mid/lvgl/src/misc/lv_utils.o  ./src/mid/lvgl/src/hal/lv_hal_disp.o ./src/mid/lvgl/src/hal/lv_hal_indev.o ./src/mid/lvgl/src/hal/lv_hal_tick.o  ./src/mid/lvgl/src/gpu/sdl/lv_gpu_sdl_draw_arc.o ./src/mid/lvgl/src/gpu/sdl/lv_gpu_sdl_draw_blend.o ./src/mid/lvgl/src/gpu/sdl/lv_gpu_sdl_draw_img.o ./src/mid/lvgl/src/gpu/sdl/lv_gpu_sdl_draw_label.o ./src/mid/lvgl/src/gpu/sdl/lv_gpu_sdl_draw_line.o ./src/mid/lvgl/src/gpu/sdl/lv_gpu_sdl_draw_rect.o ./src/mid/lvgl/src/gpu/sdl/lv_gpu_sdl_lru.o ./src/mid/lvgl/src/gpu/sdl/lv_gpu_sdl_mask.o ./src/mid/lvgl/src/gpu/sdl/lv_gpu_sdl_stack_blur.o ./src/mid/lvgl/src/gpu/sdl/lv_gpu_sdl_texture_cache.o ./src/mid/lvgl/src/gpu/sdl/lv_gpu_sdl_utils.o  ./src/mid/lvgl/src/gpu/lv_gpu_nxp_pxp.o ./src/mid/lvgl/src/gpu/lv_gpu_nxp_pxp_osa.o ./src/mid/lvgl/src/gpu/lv_gpu_nxp_vglite.o ./src/mid/lvgl/src/gpu/lv_gpu_sdl.o ./src/mid/lvgl/src/gpu/lv_gpu_stm32_dma2d.o  ./src/mid/lvgl/src/font/lv_font.o ./src/mid/lvgl/src/font/lv_font_dejavu_16_persian_hebrew.o ./src/mid/lvgl/src/font/lv_font_fmt_txt.o ./src/mid/lvgl/src/font/lv_font_loader.o ./src/mid/lvgl/src/font/lv_font_montserrat_10.o ./src/mid/lvgl/src/font/lv_font_montserrat_12.o ./src/mid/lvgl/src/font/lv_font_montserrat_12_subpx.o ./src/mid/lvgl/src/font/lv_font_montserrat_14.o ./src/mid/lvgl/src/font/lv_font_montserrat_16.o ./src/mid/lvgl/src/font/lv_font_montserrat_18.o ./src/mid/lvgl/src/font/lv_font_montserrat_20.o ./src/mid/lvgl/src/font/lv_font_montserrat_22.o ./src/mid/lvgl/src/font/lv_font_montserrat_24.o ./src/mid/lvgl/src/font/lv_font_montserrat_26.o ./src/mid/lvgl/src/font/lv_font_montserrat_28.o ./src/mid/lvgl/src/font/lv_font_montserrat_28_compressed.o ./src/mid/lvgl/src/font/lv_font_montserrat_30.o ./src/mid/lvgl/src/font/lv_font_montserrat_32.o ./src/mid/lvgl/src/font/lv_font_montserrat_34.o ./src/mid/lvgl/src/font/lv_font_montserrat_36.o ./src/mid/lvgl/src/font/lv_font_montserrat_38.o ./src/mid/lvgl/src/font/lv_font_montserrat_40.o ./src/mid/lvgl/src/font/lv_font_montserrat_42.o ./src/mid/lvgl/src/font/lv_font_montserrat_44.o ./src/mid/lvgl/src/font/lv_font_montserrat_46.o ./src/mid/lvgl/src/font/lv_font_montserrat_48.o ./src/mid/lvgl/src/font/lv_font_montserrat_8.o ./src/mid/lvgl/src/font/lv_font_simsun_16_cjk.o ./src/mid/lvgl/src/font/lv_font_unscii_16.o ./src/mid/lvgl/src/font/lv_font_unscii_8.o  ./src/mid/lvgl/src/extra/widgets/win/lv_win.o  ./src/mid/lvgl/src/extra/widgets/tileview/lv_tileview.o  ./src/mid/lvgl/src/extra/widgets/tabview/lv_tabview.o  ./src/mid/lvgl/src/extra/widgets/spinner/lv_spinner.o  ./src/mid/lvgl/src/extra/widgets/spinbox/lv_spinbox.o  ./src/mid/lvgl/src/extra/widgets/span/lv_span.o  ./src/mid/lvgl/src/extra/widgets/msgbox/lv_msgbox.o  ./src/mid/lvgl/src/extra/widgets/meter/lv_meter.o  ./src/mid/lvgl/src/extra/widgets/list/lv_list.o  ./src/mid/lvgl/src/extra/widgets/led/lv_led.o  ./src/mid/lvgl/src/extra/widgets/keyboard/lv_keyboard.o  ./src/mid/lvgl/src/extra/widgets/imgbtn/lv_imgbtn.o  ./src/mid/lvgl/src/extra/widgets/colorwheel/lv_colorwheel.o  ./src/mid/lvgl/src/extra/widgets/chart/lv_chart.o  ./src/mid/lvgl/src/extra/widgets/calendar/lv_calendar.o ./src/mid/lvgl/src/extra/widgets/calendar/lv_calendar_header_arrow.o ./src/mid/lvgl/src/extra/widgets/calendar/lv_calendar_header_dropdown.o  ./src/mid/lvgl/src/extra/widgets/animimg/lv_animimg.o  ./src/mid/lvgl/src/extra/themes/mono/lv_theme_mono.o  ./src/mid/lvgl/src/extra/themes/default/lv_theme_default.o  ./src/mid/lvgl/src/extra/themes/basic/lv_theme_basic.o  ./src/mid/lvgl/src/extra/others/snapshot/lv_snapshot.o  ./src/mid/lvgl/src/extra/layouts/grid/lv_grid.o  ./src/mid/lvgl/src/extra/layouts/flex/lv_flex.o  ./src/mid/lvgl/src/extra/lv_extra.o  ./src/mid/lvgl/src/draw/lv_draw_arc.o ./src/mid/lvgl/src/draw/lv_draw_blend.o ./src/mid/lvgl/src/draw/lv_draw_img.o ./src/mid/lvgl/src/draw/lv_draw_label.o ./src/mid/lvgl/src/draw/lv_draw_line.o ./src/mid/lvgl/src/draw/lv_draw_mask.o ./src/mid/lvgl/src/draw/lv_draw_rect.o ./src/mid/lvgl/src/draw/lv_draw_triangle.o ./src/mid/lvgl/src/draw/lv_img_buf.o ./src/mid/lvgl/src/draw/lv_img_cache.o ./src/mid/lvgl/src/draw/lv_img_decoder.o  ./src/mid/lvgl/src/core/lv_disp.o ./src/mid/lvgl/src/core/lv_event.o ./src/mid/lvgl/src/core/lv_group.o ./src/mid/lvgl/src/core/lv_indev.o ./src/mid/lvgl/src/core/lv_indev_scroll.o ./src/mid/lvgl/src/core/lv_obj.o ./src/mid/lvgl/src/core/lv_obj_class.o ./src/mid/lvgl/src/core/lv_obj_draw.o ./src/mid/lvgl/src/core/lv_obj_pos.o ./src/mid/lvgl/src/core/lv_obj_scroll.o ./src/mid/lvgl/src/core/lv_obj_style.o ./src/mid/lvgl/src/core/lv_obj_style_gen.o ./src/mid/lvgl/src/core/lv_obj_tree.o ./src/mid/lvgl/src/core/lv_refr.o ./src/mid/lvgl/src/core/lv_theme.o  ./src/mid/lvgl/examples/porting/lv_port_disp_template.o ./src/mid/lvgl/examples/porting/lv_port_fs_template.o ./src/mid/lvgl/examples/porting/lv_port_indev_template.o  ./src/hal/dma_bd/dma_bd.o  ./src/hal/adc_dma.o ./src/hal/zynq_interrupt.o  ./src/gui/ui_main.o  ./src/bsp/platform/platform.o  ./src/bsp/lcd/lcd_drv.o ./src/bsp/lcd/sys_timer.o  ./src/app/app_main.o ./src/app/app_monitor.o  ./src/main.o   -Wl,--start-group,-lxil,-lgcc,-lc,--end-group -Wl,--start-group,-lxil,-llwip4,-lgcc,-lc,--end-group -Wl,--start-group,-lxilffs,-lxil,-lgcc,-lc,--end-group -Wl,--start-group,-lrsa,-lxil,-lgcc,-lc,--end-group
'Finished building target: app.elf'
' '
'Invoking: ARM v7 Print Size'
arm-none-eabi-size app.elf  |tee "app.elf.size"
   text	   data	    bss	    dec	    hex	filename
 758196	   3328	11581488	12343012	 bc56e4	app.elf
'Finished building: app.elf.size'
' '

18:19:03 Build Finished (took 1s.534ms)

